----------------------------------------------------------
Erro ao remover
----------------------------------------------------------
Registro inserido
----------------------------------------------------------
Registro inserido
----------------------------------------------------------
Registro inserido
----------------------------------------------------------
Registro inserido
----------------------------------------------------------
Registro inserido
----------------------------------------------------------
10 - The Hunger Games - Suzanne Collins
----------------------------------------------------------
Registro removido
----------------------------------------------------------
NÃ£o encontrado
----------------------------------------------------------
14 - Looking for Alaska - John Green
101 - An Abundance of Katherines - John Green
----------------------------------------------------------
Registro removido
----------------------------------------------------------
101 - An Abundance of Katherines - John Green
